// Jest Snapshot v1, https://goo.gl/fbAQLP

exports[`SortBar.jsx should match SortBar component snapshot 1`] = `
ShallowWrapper {
  "complexSelector": ComplexSelector {
    "buildPredicate": [Function],
    "childrenOfNode": [Function],
    "findWhereUnwrapped": [Function],
  },
  "length": 1,
  "node": <Toolbar
    className="filter"
    noGutter={false}
>
    <ToolbarGroup
        firstChild={false}
        lastChild={false}
    >
        <h4
            className="sortBarTitle"
        >
            ABC News (AU)
            <span>
                 - 
                 News
            </span>
        </h4>
    </ToolbarGroup>
    <ToolbarGroup
        className="select"
        firstChild={false}
        lastChild={false}
    >
        <SelectField
            autoWidth={false}
            disabled={false}
            floatingLabelText="SortBy Options"
            fullWidth={false}
            multiple={false}
            onChange={undefined}
        >
            <MenuItem
                anchorOrigin={
                    Object {
                        "horizontal": "right",
                        "vertical": "top",
                      }
                }
                checked={false}
                desktop={false}
                disabled={false}
                focusState="none"
                insetChildren={false}
                primaryText="top"
                value="top"
            />
        </SelectField>
    </ToolbarGroup>
</Toolbar>,
  "nodes": Array [
    <Toolbar
      className="filter"
      noGutter={false}
>
      <ToolbarGroup
            firstChild={false}
            lastChild={false}
      >
            <h4
                  className="sortBarTitle"
            >
                  ABC News (AU)
                  <span>
                         - 
                         News
                  </span>
            </h4>
      </ToolbarGroup>
      <ToolbarGroup
            className="select"
            firstChild={false}
            lastChild={false}
      >
            <SelectField
                  autoWidth={false}
                  disabled={false}
                  floatingLabelText="SortBy Options"
                  fullWidth={false}
                  multiple={false}
                  onChange={undefined}
            >
                  <MenuItem
                        anchorOrigin={
                              Object {
                                    "horizontal": "right",
                                    "vertical": "top",
                                  }
                        }
                        checked={false}
                        desktop={false}
                        disabled={false}
                        focusState="none"
                        insetChildren={false}
                        primaryText="top"
                        value="top"
                  />
            </SelectField>
      </ToolbarGroup>
</Toolbar>,
  ],
  "options": Object {},
  "renderer": ReactShallowRenderer {
    "_instance": ShallowComponentWrapper {
      "_calledComponentWillUnmount": false,
      "_compositeType": 0,
      "_context": Object {},
      "_currentElement": <SortBar
        id={undefined}
        sortOptions={
                Array [
                        "top",
                      ]
        }
        title="ABC News (AU)"
/>,
      "_debugID": 1,
      "_hostContainerInfo": null,
      "_hostParent": null,
      "_instance": SortBar {
        "_reactInternalInstance": [Circular],
        "context": Object {},
        "props": Object {
          "id": undefined,
          "sortOptions": Array [
            "top",
          ],
          "title": "ABC News (AU)",
        },
        "refs": Object {},
        "state": null,
        "updater": Object {
          "enqueueCallback": [Function],
          "enqueueCallbackInternal": [Function],
          "enqueueElementInternal": [Function],
          "enqueueForceUpdate": [Function],
          "enqueueReplaceState": [Function],
          "enqueueSetState": [Function],
          "isMounted": [Function],
          "validateCallback": [Function],
        },
      },
      "_mountOrder": 1,
      "_pendingCallbacks": null,
      "_pendingElement": null,
      "_pendingForceUpdate": false,
      "_pendingReplaceState": false,
      "_pendingStateQueue": null,
      "_renderedComponent": NoopInternalComponent {
        "_currentElement": <Toolbar
          className="filter"
          noGutter={false}
>
          <ToolbarGroup
                    firstChild={false}
                    lastChild={false}
          >
                    <h4
                              className="sortBarTitle"
                    >
                              ABC News (AU)
                              <span>
                                         - 
                                         News
                              </span>
                    </h4>
          </ToolbarGroup>
          <ToolbarGroup
                    className="select"
                    firstChild={false}
                    lastChild={false}
          >
                    <SelectField
                              autoWidth={false}
                              disabled={false}
                              floatingLabelText="SortBy Options"
                              fullWidth={false}
                              multiple={false}
                              onChange={undefined}
                    >
                              <MenuItem
                                        anchorOrigin={
                                                  Object {
                                                            "horizontal": "right",
                                                            "vertical": "top",
                                                          }
                                        }
                                        checked={false}
                                        desktop={false}
                                        disabled={false}
                                        focusState="none"
                                        insetChildren={false}
                                        primaryText="top"
                                        value="top"
                              />
                    </SelectField>
          </ToolbarGroup>
</Toolbar>,
        "_debugID": 2,
        "_renderedOutput": <Toolbar
          className="filter"
          noGutter={false}
>
          <ToolbarGroup
                    firstChild={false}
                    lastChild={false}
          >
                    <h4
                              className="sortBarTitle"
                    >
                              ABC News (AU)
                              <span>
                                         - 
                                         News
                              </span>
                    </h4>
          </ToolbarGroup>
          <ToolbarGroup
                    className="select"
                    firstChild={false}
                    lastChild={false}
          >
                    <SelectField
                              autoWidth={false}
                              disabled={false}
                              floatingLabelText="SortBy Options"
                              fullWidth={false}
                              multiple={false}
                              onChange={undefined}
                    >
                              <MenuItem
                                        anchorOrigin={
                                                  Object {
                                                            "horizontal": "right",
                                                            "vertical": "top",
                                                          }
                                        }
                                        checked={false}
                                        desktop={false}
                                        disabled={false}
                                        focusState="none"
                                        insetChildren={false}
                                        primaryText="top"
                                        value="top"
                              />
                    </SelectField>
          </ToolbarGroup>
</Toolbar>,
      },
      "_renderedNodeType": 1,
      "_rootNodeID": 0,
      "_topLevelWrapper": null,
      "_updateBatchNumber": null,
      "_warnedAboutRefsInRender": false,
    },
    "getRenderOutput": [Function],
    "render": [Function],
  },
  "root": [Circular],
  "unrendered": <SortBar
    id={undefined}
    sortOptions={
        Array [
            "top",
          ]
    }
    title="ABC News (AU)"
/>,
}
`;
